{
  "size": 1024,
  "wallMs": 72556,
  "peakRssMB": 865,
  "peakHeapMB": 556.8,
  "ok": true,
  "timings": {
    "validate": 5.650999999605119,
    "field": 933.7990000005811,
    "layout": 34342.24900000077,
    "climate": 341.2529999995604,
    "columns": 114.9429999999702,
    "caves": 0.032999999821186066,
    "structures": 12509.00800000038,
    "scatter": 6641.978999999352,
    "biomes": 209.53699999954551,
    "validators": 13.263000000268221,
    "emit": 17011.89400000032,
    "total": 72555.44799999986
  },
  "emitSplit": {
    "fillMs": 9312.1,
    "connectionsMs": 2157.3,
    "regionWriteMs": 5542.5
  },
  "stats": {
    "columns": 1048576,
    "chunkCount": 4096,
    "blockCount": 140741054,
    "structureBlockCount": 1346318,
    "treeCount": 9058,
    "regionFiles": 4
  },
  "city": {
    "placements": 777,
    "structureBlocks": 1346318,
    "districts": [
      {
        "nodePath": "world.downtown",
        "bounds": [
          null,
          null
        ],
        "carriagewayBytes": 136000,
        "stats": {
          "blocks": 99,
          "lots": 449,
          "landmarks": 4,
          "landmarksUnplaced": 0,
          "infill": 373,
          "lotsDropped": 30,
          "plazaLots": 6,
          "carriagewayColumns": 38607,
          "sidewalkColumns": 23264
        }
      },
      {
        "nodePath": "world.midtown",
        "bounds": [
          null,
          null
        ],
        "carriagewayBytes": 102000,
        "stats": {
          "blocks": 81,
          "lots": 324,
          "landmarks": 2,
          "landmarksUnplaced": 0,
          "infill": 281,
          "lotsDropped": 18,
          "plazaLots": 0,
          "carriagewayColumns": 31782,
          "sidewalkColumns": 18672
        }
      },
      {
        "nodePath": "world.shoreside",
        "bounds": [
          null,
          null
        ],
        "carriagewayBytes": 72000,
        "stats": {
          "blocks": 54,
          "lots": 204,
          "landmarks": 2,
          "landmarksUnplaced": 0,
          "infill": 109,
          "lotsDropped": 18,
          "plazaLots": 0,
          "carriagewayColumns": 22449,
          "sidewalkColumns": 13128
        }
      }
    ],
    "structureStats": {
      "theme": "temperate_timber",
      "distinctMaterials": 12,
      "buildingCount": 776,
      "buildingBlocks": 1335928,
      "roadRoutes": 2,
      "roadColumns": 2601,
      "roadBridgeColumns": 33,
      "unroutedAnchors": 0,
      "plazaColumns": 0,
      "plazaBenches": 0,
      "plazaWell": false,
      "doorstepsStepped": 489,
      "doorstepsDropped": 0,
      "cellars": 0,
      "tunnels": 0,
      "tunnelCarvedBlocks": 0,
      "tunnelLength": 0,
      "tunnelStairSteps": 0,
      "tunnelLanterns": 0,
      "tunnelJunctions": 0,
      "districts": 3,
      "districtBuildings": 771,
      "streetColumns": 61056,
      "props": 16,
      "propsUnplaced": 2,
      "propWaterLeaks": 0,
      "dressedColumns": 32638,
      "wornColumns": 1123,
      "airports": 1,
      "harbours": 1,
      "standsCut": 5,
      "aircraftParked": 5,
      "piersBuilt": 4,
      "shipsMoored": 4
    }
  },
  "errors": 0,
  "warnings": 5,
  "outputBytes": 16880264
}
